<?xml version="1.0" encoding="UTF-8"?>
<testsuites name="jest tests" tests="1" failures="0" errors="0" time="0.258">
  <testsuite name="Sample Test" errors="0" failures="0" skipped="0" timestamp="2026-05-11T17:20:19" time="0.199" tests="1">
    <testcase classname="Sample Test adds numbers correctly" name="Sample Test adds numbers correctly" time="0.001">
    </testcase>
  </testsuite>
</testsuites>